// Jest Snapshot v1, https://goo.gl/fbAQLP

exports[`<ReviewModal /> should render component correctly 1`] = `
.c5 {
  display: -webkit-box;
  display: -webkit-flex;
  display: -ms-flexbox;
  display: flex;
  margin-right: 2.4rem;
}

.c7 {
  padding: 0.6rem 1.2rem;
  width: 100%;
  border-radius: 0.4rem;
  border: 1px solid #FABA40;
  font-size: 1.8rem;
  box-shadow: 0px 8px 15px rgba(0,0,0,0.1);
  font-weight: 700;
  cursor: pointer;
  color: #FFFFFF;
  background: #FABA40;
}

.c7:disabled {
  cursor: not-allowed;
  -webkit-filter: saturate(30%);
  filter: saturate(30%);
}

.c0 {
  display: -webkit-box;
  display: -webkit-flex;
  display: -ms-flexbox;
  display: flex;
  -webkit-flex-direction: column;
  -ms-flex-direction: column;
  flex-direction: column;
  height: 10rem;
  -webkit-align-items: center;
  -webkit-box-align: center;
  -ms-flex-align: center;
  align-items: center;
}

.c1 {
  width: 100%;
  position: relative;
  height: 7rem;
  border-radius: 0.8rem 0.8rem 0 0;
  padding: 2.4rem;
  background: linear-gradient(to top,rgba(250,217,97,0.65),rgba(247,107,28,0.65));
}

.c2 {
  border-radius: 50%;
  border: 3px solid white;
  width: 8rem;
  height: 8rem;
  position: absolute;
  top: 2rem;
}

.c3 {
  display: -webkit-box;
  display: -webkit-flex;
  display: -ms-flexbox;
  display: flex;
  -webkit-flex-direction: column;
  -ms-flex-direction: column;
  flex-direction: column;
  -webkit-align-items: center;
  -webkit-box-align: center;
  -ms-flex-align: center;
  align-items: center;
  text-align: center;
  height: 36rem;
  -webkit-box-pack: justify;
  -webkit-justify-content: space-between;
  -ms-flex-pack: justify;
  justify-content: space-between;
  padding: 3.2rem;
}

.c4 {
  font-size: 2.0rem;
  font-weight: 300;
}

.c4 span {
  color: #7D7D7D;
}

.c6 {
  width: 100%;
  height: 6em;
  padding: 6px 12px;
  border-radius: 0.4rem;
}

@media (max-width:450px) {
  .c3 {
    padding-bottom: 0;
    height: 40rem;
  }
}

<div
  class=""
>
  <div
    class="c0"
  >
    <div
      class="c1"
    />
    <img
      class="c2"
      src="https://d3p07km83uit4h.cloudfront.net/portal/img/profile/avatar-blank.png?v=1051"
    />
  </div>
  <div
    class="c3"
  >
    <span
      class="c4"
    >
      Olá 
      <span>
        Thiago
      </span>
      , conte para comunidade como foi sua experiência em 
      <span>
        BSB Coworking
      </span>
      .
    </span>
    <div
      class="c5"
      title="Mediano"
    >
      <div
        data-testid="star-solid"
      />
      <div
        data-testid="star-solid"
      />
      <div
        data-testid="star-solid"
      />
      <div
        data-testid="star-outline"
      />
      <div
        data-testid="star-outline"
      />
    </div>
    <span>
      Sua avaliação e comentário ajuda a comunidade ;)
    </span>
    <textarea
      class="c6"
      maxlength="280"
      placeholder="Escreva um comentário..."
    />
    <div
      class=""
    >
      <button
        class="c7"
        disabled=""
      >
        Envie sua avaliação
      </button>
    </div>
  </div>
</div>
`;
