// Jest Snapshot v1, https://goo.gl/fbAQLP

exports[`<ReviewHeader /> should render component correctly 1`] = `
.c0 {
  color: #4b4b4b;
  font-size: 2.8rem;
}

.c1 {
  font-size: 1.8rem;
  font-weight: 400;
}

@media (max-width:450px) {
  .c1 {
    display: block;
  }
}

@media (max-width:768px) {

}

@media (max-width:768px) {

}

<h1
  class="c0"
>
  Avaliações de
  <a
    href="#"
  >
     
    BORC
     
  </a>
  <span
    class="c1"
  >
    BH
  </span>
</h1>
`;
