// Jest Snapshot v1, https://goo.gl/fbAQLP

exports[`<Loading /> should render empty component when loading context is false 1`] = `null`;
